// Jest Snapshot v1, https://goo.gl/fbAQLP

exports[`LineComponent matches snapshot 1`] = `
<DocumentFragment>
  <div>
    <canvas
      height="758"
      id="canvas"
      role="presentation"
      style="z-index: 1;"
      width="1024"
    >
      Canvas
    </canvas>
  </div>
</DocumentFragment>
`;
